대기 no020 2026-09-22T08:30:00+09:00 (아직 30일 밖)
대기 no021 2026-09-24T08:30:00+09:00 (아직 30일 밖)
대기 no020-gmail 2026-09-22T08:30:00+09:00 (아직 30일 밖)
대기 no021-gmail 2026-09-24T08:30:00+09:00 (아직 30일 밖)
대기 no022-subscribers 2026-09-29T08:30:00+09:00 (아직 30일 밖)
대기 no022-gmail 2026-09-29T08:30:00+09:00 (아직 30일 밖)
대기 no023-subscribers 2026-10-01T08:30:00+09:00 (아직 30일 밖)
대기 no023-gmail 2026-10-01T08:30:00+09:00 (아직 30일 밖)
대기 no024-subscribers 2026-10-06T08:30:00+09:00 (아직 30일 밖)
대기 no024-gmail 2026-10-06T08:30:00+09:00 (아직 30일 밖)
대기 no025-subscribers 2026-10-08T08:30:00+09:00 (아직 30일 밖)
대기 no025-gmail 2026-10-08T08:30:00+09:00 (아직 30일 밖)
대기 잔여 12건
호 25개 검사
전 호 코호트 짝 정상
대기 no020 2026-09-22T08:30:00+09:00 (아직 30일 밖)
대기 no021 2026-09-24T08:30:00+09:00 (아직 30일 밖)
대기 no020-gmail 2026-09-22T08:30:00+09:00 (아직 30일 밖)
대기 no021-gmail 2026-09-24T08:30:00+09:00 (아직 30일 밖)
대기 no022-subscribers 2026-09-29T08:30:00+09:00 (아직 30일 밖)
대기 no022-gmail 2026-09-29T08:30:00+09:00 (아직 30일 밖)
대기 no023-subscribers 2026-10-01T08:30:00+09:00 (아직 30일 밖)
대기 no023-gmail 2026-10-01T08:30:00+09:00 (아직 30일 밖)
대기 no024-subscribers 2026-10-06T08:30:00+09:00 (아직 30일 밖)
대기 no024-gmail 2026-10-06T08:30:00+09:00 (아직 30일 밖)
대기 no025-subscribers 2026-10-08T08:30:00+09:00 (아직 30일 밖)
대기 no025-gmail 2026-10-08T08:30:00+09:00 (아직 30일 밖)
대기 잔여 12건
호 25개 검사
전 호 코호트 짝 정상
